// Jest Snapshot v1, https://goo.gl/fbAQLP

exports[`DownloadFile should match snapshot default 1`] = `
<body>
  <div>
    <div
      class="_input-downloadfile svelte-583x96"
    >
      <div
        class="_input-content-files svelte-583x96"
      />
       
    </div>
    
  </div>
</body>
`;
